2026-09-06T12:51:04.925Z pw:browser <launching> C:\Users\ordinalking.SERVER\AppData\Local\ms-playwright\chromium_headless_shell-1148\chrome-win\headless_shell.exe --disable-field-trial-config --disable-background-networking --disable-background-timer-throttling --disable-backgrounding-occluded-windows --disable-back-forward-cache --disable-breakpad --disable-client-side-phishing-detection --disable-component-extensions-with-background-pages --disable-component-update --no-default-browser-check --disable-default-apps --disable-dev-shm-usage --disable-extensions --disable-features=ImprovedCookieControls,LazyFrameLoading,GlobalMediaControls,DestroyProfileOnBrowserClose,MediaRouter,DialMediaRouteProvider,AcceptCHFrame,AutoExpandDetailsElement,CertificateTransparencyComponentUpdater,AvoidUnnecessaryBeforeUnloadCheckSync,Translate,HttpsUpgrades,PaintHolding,ThirdPartyStoragePartitioning,LensOverlay,PlzDedicatedWorker --allow-pre-commit-input --disable-hang-monitor --disable-ipc-flooding-protection --disable-popup-blocking --disable-prompt-on-repost --disable-renderer-backgrounding --force-color-profile=srgb --metrics-recording-only --no-first-run --enable-automation --password-store=basic --use-mock-keychain --no-service-autorun --export-tagged-pdf --disable-search-engine-choice-screen --unsafely-disable-devtools-self-xss-warnings --headless --hide-scrollbars --mute-audio --blink-settings=primaryHoverType=2,availableHoverTypes=2,primaryPointerType=4,availablePointerTypes=4 --no-sandbox --disable-dev-shm-usage --user-data-dir=C:\WINDOWS\TEMP\playwright_chromiumdev_profile-v161PY --remote-debugging-pipe --no-startup-window
2026-09-06T12:51:04.945Z pw:browser <launched> pid=28040
2026-09-06T12:51:06.027Z pw:browser [pid=28040][err] [0906/125106.025:ERROR:gles2_cmd_decoder_passthrough.cc(1053)] [GroupMarkerNotSet(crbug.com/242999)!:A00032000C6F0000]Automatic fallback to software WebGL has been deprecated. Please use the --enable-unsafe-swiftshader flag to opt in to lower security guarantees for trusted content.
2026-09-06T12:51:06.131Z pw:browser [pid=28040][err] [0906/125106.130:ERROR:gles2_cmd_decoder_passthrough.cc(1053)] [GroupMarkerNotSet(crbug.com/242999)!:A03032000C6F0000]Automatic fallback to software WebGL has been deprecated. Please use the --enable-unsafe-swiftshader flag to opt in to lower security guarantees for trusted content.
2026-09-06T12:51:06.168Z pw:browser [pid=28040][err] [0906/125106.167:ERROR:gles2_cmd_decoder_passthrough.cc(1053)] [GroupMarkerNotSet(crbug.com/242999)!:A06032000C6F0000]Automatic fallback to software WebGL has been deprecated. Please use the --enable-unsafe-swiftshader flag to opt in to lower security guarantees for trusted content.
2026-09-06T12:51:06.318Z pw:browser [pid=28040][err] [0906/125106.315:ERROR:gl_utils.cc(426)] [.WebGL-0x500401f41c00]GL Driver Message (OpenGL, Performance, GL_CLOSE_PATH_NV, High): GPU stall due to ReadPixels
2026-09-06T12:51:07.085Z pw:browser [pid=28040][err] [0906/125107.084:ERROR:gl_utils.cc(426)] [.WebGL-0x500401f41c00]GL Driver Message (OpenGL, Performance, GL_CLOSE_PATH_NV, High): GPU stall due to ReadPixels
2026-09-06T12:51:07.291Z pw:browser [pid=28040][err] [0906/125107.287:ERROR:gl_utils.cc(426)] [.WebGL-0x500401f41c00]GL Driver Message (OpenGL, Performance, GL_CLOSE_PATH_NV, High): GPU stall due to ReadPixels
2026-09-06T12:51:07.424Z pw:browser [pid=28040][err] [0906/125107.424:ERROR:gl_utils.cc(426)] [.WebGL-0x500401f41c00]GL Driver Message (OpenGL, Performance, GL_CLOSE_PATH_NV, High): GPU stall due to ReadPixels (this message will no longer repeat)
{"name":"block actual data and refresh","status":"FAIL","startedAt":"2026-09-06T12:51:05.314Z","error":"locator.waitFor: Target page, context or browser has been closed\nCall log:\n\u001b[2m  - waiting for getByText('965,545').first() to be visible\u001b[22m\n"}
{"name":"synced node and separate service details","status":"FAIL","startedAt":"2026-09-06T12:51:12.425Z","error":"page.waitForFunction: Target page, context or browser has been closed"}
{"name":"transaction actual identity and confirmation","status":"FAIL","startedAt":"2026-09-06T12:51:12.427Z","error":"page.goto: Target page, context or browser has been closed"}
{"name":"address actual identity and history","status":"FAIL","startedAt":"2026-09-06T12:51:12.428Z","error":"page.goto: Target page, context or browser has been closed"}
{"name":"health layout default 390x844","status":"FAIL","startedAt":"2026-09-06T12:51:12.429Z","error":"page.evaluate: Target page, context or browser has been closed"}
{"name":"health layout default 844x390","status":"FAIL","startedAt":"2026-09-06T12:51:12.430Z","error":"page.evaluate: Target page, context or browser has been closed"}
{"name":"health layout dark 390x844","status":"FAIL","startedAt":"2026-09-06T12:51:12.430Z","error":"page.evaluate: Target page, context or browser has been closed"}
{"name":"health layout dark 844x390","status":"FAIL","startedAt":"2026-09-06T12:51:12.431Z","error":"page.evaluate: Target page, context or browser has been closed"}
{"name":"Signet context survives reload with DOGE/ZEC mainnet","status":"FAIL","startedAt":"2026-09-06T12:51:12.432Z","error":"page.setViewportSize: Target page, context or browser has been closed"}
2026-09-06T12:51:12.466Z pw:browser [pid=28040] <process did exit: exitCode=4294967295, signal=null>
2026-09-06T12:51:12.467Z pw:browser [pid=28040] starting temporary directories cleanup
2026-09-06T12:51:12.478Z pw:browser [pid=28040] finished temporary directories cleanup
